> Task :app:preBuild UP-TO-DATE
> Task :app:preDebugBuild UP-TO-DATE
> Task :app:mergeDebugNativeDebugMetadata NO-SOURCE
> Task :app:checkKotlinGradlePluginConfigurationErrors SKIPPED
> Task :app:checkDebugAarMetadata UP-TO-DATE
> Task :app:processDebugNavigationResources UP-TO-DATE
> Task :app:compileDebugNavigationResources UP-TO-DATE
> Task :app:generateDebugResValues UP-TO-DATE
> Task :app:mapDebugSourceSetPaths UP-TO-DATE
> Task :app:generateDebugResources UP-TO-DATE
> Task :app:mergeDebugResources UP-TO-DATE
> Task :app:packageDebugResources UP-TO-DATE
> Task :app:parseDebugLocalResources UP-TO-DATE
> Task :app:createDebugCompatibleScreenManifests UP-TO-DATE
> Task :app:extractDeepLinksDebug UP-TO-DATE
> Task :app:processDebugMainManifest UP-TO-DATE
> Task :app:processDebugManifest UP-TO-DATE
> Task :app:processDebugManifestForPackage UP-TO-DATE
> Task :app:processDebugResources UP-TO-DATE
> Task :app:javaPreCompileDebug UP-TO-DATE
> Task :app:mergeDebugShaders UP-TO-DATE
> Task :app:compileDebugShaders NO-SOURCE
> Task :app:generateDebugAssets UP-TO-DATE
> Task :app:mergeDebugAssets UP-TO-DATE
> Task :app:compressDebugAssets UP-TO-DATE
> Task :app:checkDebugDuplicateClasses UP-TO-DATE
> Task :app:desugarDebugFileDependencies UP-TO-DATE
> Task :app:mergeExtDexDebug UP-TO-DATE
> Task :app:mergeLibDexDebug
> Task :app:mergeDebugJniLibFolders

> Task :app:compileDebugKotlin FAILED
.\gradlew.bat : e: 
file:///C:/Users/Lloydicakes/AndroidStudioProjects/EmergencyResponseApp/app/src/main/java/com/ers/emergencyresponseapp/HomeScreen.kt:26:54 Unresolved 
reference 'QuickActionButtons'.
At line:1 char:167
+ ... Env:Path" ; .\gradlew.bat assembleDebug --warning-mode all 2>&1 | Tee ...
+                 ~~~~~~~~~~~~~~~~~~~~~~~~~~~~~~~~~~~~~~~~~~~~~~~~~~~
    + CategoryInfo          : NotSpecified: (e: file:///C:/U...ActionButtons'.:String) [], RemoteException
    + FullyQualifiedErrorId : NativeCommandError
 
e: file:///C:/Users/Lloydicakes/AndroidStudioProjects/EmergencyResponseApp/app/src/main/java/com/ers/emergencyresponseapp/HomeScreen.kt:27:54 Unresolved 
reference 'ResponderStatusIndicator'.
e: file:///C:/Users/Lloydicakes/AndroidStudioProjects/EmergencyResponseApp/app/src/main/java/com/ers/emergencyresponseapp/HomeScreen.kt:126:9 Unresolved 
reference 'ResponderStatusIndicator'.
e: file:///C:/Users/Lloydicakes/AndroidStudioProjects/EmergencyResponseApp/app/src/main/java/com/ers/emergencyresponseapp/HomeScreen.kt:127:9 Unresolved 
reference 'QuickActionButtons'.
e: file:///C:/Users/Lloydicakes/AndroidStudioProjects/EmergencyResponseApp/app/src/main/java/com/ers/emergencyresponseapp/HomeScreen.kt:131:13 No 
parameter with name 'isSharingLocation' found.
e: file:///C:/Users/Lloydicakes/AndroidStudioProjects/EmergencyResponseApp/app/src/main/java/com/ers/emergencyresponseapp/HomeScreen.kt:132:13 No 
parameter with name 'latitude' found.
e: file:///C:/Users/Lloydicakes/AndroidStudioProjects/EmergencyResponseApp/app/src/main/java/com/ers/emergencyresponseapp/HomeScreen.kt:133:13 No 
parameter with name 'longitude' found.
e: file:///C:/Users/Lloydicakes/AndroidStudioProjects/EmergencyResponseApp/app/src/main/java/com/ers/emergencyresponseapp/home/composables/HomeScreenCompos
ables.kt:1:1 Syntax error: Expecting a top level declaration.
e: file:///C:/Users/Lloydicakes/AndroidStudioProjects/EmergencyResponseApp/app/src/main/java/com/ers/emergencyresponseapp/home/composables/HomeScreenCompos
ables.kt:1:3 Syntax error: Expecting a top level declaration.
e: file:///C:/Users/Lloydicakes/AndroidStudioProjects/EmergencyResponseApp/app/src/main/java/com/ers/emergencyresponseapp/home/composables/HomeScreenCompos
ables.kt:2:1 Syntax error: Expecting a top level declaration.
e: file:///C:/Users/Lloydicakes/AndroidStudioProjects/EmergencyResponseApp/app/src/main/java/com/ers/emergencyresponseapp/home/composables/HomeScreenCompos
ables.kt:2:9 Syntax error: Expecting a top level declaration.
e: file:///C:/Users/Lloydicakes/AndroidStudioProjects/EmergencyResponseApp/app/src/main/java/com/ers/emergencyresponseapp/home/composables/HomeScreenCompos
ables.kt:2:12 Syntax error: Expecting a top level declaration.
e: file:///C:/Users/Lloydicakes/AndroidStudioProjects/EmergencyResponseApp/app/src/main/java/com/ers/emergencyresponseapp/home/composables/HomeScreenCompos
ables.kt:2:13 Syntax error: Expecting a top level declaration.
e: file:///C:/Users/Lloydicakes/AndroidStudioProjects/EmergencyResponseApp/app/src/main/java/com/ers/emergencyresponseapp/home/composables/HomeScreenCompos
ables.kt:2:16 Syntax error: Expecting a top level declaration.
e: file:///C:/Users/Lloydicakes/AndroidStudioProjects/EmergencyResponseApp/app/src/main/java/com/ers/emergencyresponseapp/home/composables/HomeScreenCompos
ables.kt:2:17 Syntax error: Expecting a top level declaration.
e: file:///C:/Users/Lloydicakes/AndroidStudioProjects/EmergencyResponseApp/app/src/main/java/com/ers/emergencyresponseapp/home/composables/HomeScreenCompos
ables.kt:2:37 Syntax error: Expecting a top level declaration.
e: file:///C:/Users/Lloydicakes/AndroidStudioProjects/EmergencyResponseApp/app/src/main/java/com/ers/emergencyresponseapp/home/composables/HomeScreenCompos
ables.kt:2:38 Syntax error: Expecting a top level declaration.
e: file:///C:/Users/Lloydicakes/AndroidStudioProjects/EmergencyResponseApp/app/src/main/java/com/ers/emergencyresponseapp/home/composables/HomeScreenCompos
ables.kt:2:42 Syntax error: Expecting a top level declaration.
e: file:///C:/Users/Lloydicakes/AndroidStudioProjects/EmergencyResponseApp/app/src/main/java/com/ers/emergencyresponseapp/home/composables/HomeScreenCompos
ables.kt:2:43 Syntax error: Expecting a top level declaration.
e: file:///C:/Users/Lloydicakes/AndroidStudioProjects/EmergencyResponseApp/app/src/main/java/com/ers/emergencyresponseapp/home/composables/HomeScreenCompos
ables.kt:2:54 Syntax error: imports are only allowed in the beginning of file.
e: file:///C:/Users/Lloydicakes/AndroidStudioProjects/EmergencyResponseApp/app/src/main/java/com/ers/emergencyresponseapp/home/composables/HomeScreenCompos
ables.kt:37:36 Unresolved reference 'model'.
e: file:///C:/Users/Lloydicakes/AndroidStudioProjects/EmergencyResponseApp/app/src/main/java/com/ers/emergencyresponseapp/home/composables/HomeScreenCompos
ables.kt:38:36 Unresolved reference 'model'.
e: file:///C:/Users/Lloydicakes/AndroidStudioProjects/EmergencyResponseApp/app/src/main/java/com/ers/emergencyresponseapp/home/composables/HomeScreenCompos
ables.kt:119:36 Unresolved reference 'LatLng'.
e: file:///C:/Users/Lloydicakes/AndroidStudioProjects/EmergencyResponseApp/app/src/main/java/com/ers/emergencyresponseapp/home/composables/HomeScreenCompos
ables.kt:121:21 Cannot access class 'com.google.android.gms.maps.model.CameraPosition'. Check your module classpath for missing or conflicting 
dependencies.
e: file:///C:/Users/Lloydicakes/AndroidStudioProjects/EmergencyResponseApp/app/src/main/java/com/ers/emergencyresponseapp/home/composables/HomeScreenCompos
ables.kt:121:32 Unresolved reference 'CameraPosition'.
e: file:///C:/Users/Lloydicakes/AndroidStudioProjects/EmergencyResponseApp/app/src/main/java/com/ers/emergencyresponseapp/home/composables/HomeScreenCompos
ables.kt:124:17 Cannot access class 'com.google.android.gms.maps.LocationSource'. Check your module classpath for missing or conflicting dependencies.
e: file:///C:/Users/Lloydicakes/AndroidStudioProjects/EmergencyResponseApp/app/src/main/java/com/ers/emergencyresponseapp/home/composables/HomeScreenCompos
ables.kt:132:25 No parameter with name 'rotateGesturesEnabled' found.
e: file:///C:/Users/Lloydicakes/AndroidStudioProjects/EmergencyResponseApp/app/src/main/java/com/ers/emergencyresponseapp/home/composables/HomeScreenCompos
ables.kt:135:21 Cannot access class 'com.google.android.gms.maps.model.BitmapDescriptor'. Check your module classpath for missing or conflicting 
dependencies.
e: file:///C:/Users/Lloydicakes/AndroidStudioProjects/EmergencyResponseApp/app/src/main/java/com/ers/emergencyresponseapp/home/composables/HomeScreenCompos
ables.kt:136:33 Cannot access class 'com.google.android.gms.maps.model.LatLng'. Check your module classpath for missing or conflicting dependencies.
e: file:///C:/Users/Lloydicakes/AndroidStudioProjects/EmergencyResponseApp/app/src/main/java/com/ers/emergencyresponseapp/home/composables/HomeScreenCompos
ables.kt:159:1 Syntax error: Expecting a top level declaration.
e: file:///C:/Users/Lloydicakes/AndroidStudioProjects/EmergencyResponseApp/app/src/main/java/com/ers/emergencyresponseapp/home/composables/HomeScreenCompos
ables.kt:159:3 Syntax error: Expecting a top level declaration.

> Task :app:mergeDebugNativeLibs

FAILURE: Build failed with an exception.

* What went wrong:
Execution failed for task ':app:compileDebugKotlin'.
> A failure occurred while executing org.jetbrains.kotlin.compilerRunner.GradleCompilerRunnerWithWorkers$GradleKotlinCompilerWorkAction
   > Compilation error. See log for more details

* Try:
> Run with --stacktrace option to get the stack trace.
> Run with --info or --debug option to get more log output.
> Run with --scan to get full insights.
> Get more help at https://help.gradle.org.

BUILD FAILED in 12s
26 actionable tasks: 4 executed, 22 up-to-date
